---
source: crates/digicore-text-expander/tests/ocr_regression_tests.rs
expression: actual_text
---
README Code      of conduct AR Contributing Apache-2.0 license Security

   gws gmail users messages get - -params
      --sanitize "projects/P/locations/ L/templates/T"

                          Variable Description

   GOOGLE WORKSPACE      CLI SANITIZE TEMPLATE Default Model Armor template

   GOOGLE WORKSPACE      CLI SANITIZE MODE warn (default) or block

Environment      Variables

All variables are optional. See .env.example for a copy-paste template.

                         Variable Description

   GOOGLE WORKSPACE      CLI TOKEN Pre-obtained OAuth2 access token (highest priority)

   GOOGLE WORKSPACE      CLI CREDENTIALS FILE Path      to OAuth credentials JSON (user or service account)

I CLIENT_ID I OAuth client ID      (alternative to client_secret.json
# I OAuth client     secret (paired with CLIENT _ID ) I
# I Override config      directory (default: N/ . config/gws ) I
