---
source: crates/digicore-text-expander/tests/ocr_regression_tests.rs
expression: actual_text
---
ITEM PRICE # TOTAL
|---|---|---|---|
| ORANGE SLICE | 1.40 | 1 $ | 1.40 |
| CHEEZ-IT | 2.72 | 1 $ | 2.72 |
| TOWN HOUSE CRACKERS 3.47 | 1 $ | 3.47 |
| CHEWY CHIPS AHOY | 3.04 | 1 $ | 3.04 |
| RAMEN SOUP | 0.35 | 15 $ | 5.25 |
| BEEFSTICK | 0.31 | 6 $ | 1.86 |
| NACHO CHEESE DORITO | 0.45 | 3 $ | 1.35 |
| KOOL AID GRAPE | 1.38 | 1 $ | 1.38 |
| CLEAR TANG | 1. 47 | 1 $ | 1 $ | 1.47 |